{"level":"info","message":"Server running on port 5000","timestamp":"2025-01-29T10:04:09.920Z"}
{"level":"info","message":"Bot @your_bot_username is active","timestamp":"2025-01-29T10:04:09.922Z"}
{"level":"info","message":"Connected to MongoDB","timestamp":"2025-01-29T10:04:10.520Z"}
{"level":"info","message":"New link created for chat 5342100953: https://t.me/your_bot_username?start=81e08c7f-e24f-4cfa-a64c-a46a3e87d6b5","timestamp":"2025-01-29T10:04:52.457Z"}
{"level":"info","message":"Server running on port 5000","timestamp":"2025-01-29T10:27:29.963Z"}
{"level":"info","message":"Bot @Url_Encrypter_bot is active","timestamp":"2025-01-29T10:27:29.964Z"}
{"level":"info","message":"Connected to MongoDB","timestamp":"2025-01-29T10:27:30.722Z"}
{"level":"error","message":"Link creation error: User is not defined","timestamp":"2025-01-29T10:28:07.369Z"}
{"level":"info","message":"Server running on port 5000","timestamp":"2025-01-29T10:30:47.151Z"}
{"level":"info","message":"Bot @Url_Encrypter_bot is active","timestamp":"2025-01-29T10:30:47.152Z"}
{"level":"info","message":"Connected to MongoDB","timestamp":"2025-01-29T10:30:47.820Z"}
{"level":"info","message":"New link created for chat 5342100953: https://t.me/Url_Encrypter_bot?start=29585acd-c838-4789-93a0-958c2d170e26","timestamp":"2025-01-29T10:30:58.458Z"}
{"level":"info","message":"Deep link accessed: 29585acd-c838-4789-93a0-958c2d170e26","timestamp":"2025-01-29T10:32:06.420Z"}
{"level":"info","message":"Server running on port 5000","timestamp":"2025-01-29T10:33:18.759Z"}
{"level":"info","message":"Bot @Url_Encrypter_bot is active","timestamp":"2025-01-29T10:33:18.761Z"}
{"level":"info","message":"Connected to MongoDB","timestamp":"2025-01-29T10:33:19.399Z"}
{"level":"info","message":"New link created for chat 5342100953: https://t.me/Url_Encrypter_bot?start=e5559904-5ea0-426d-8a91-7652b9b08332","timestamp":"2025-01-29T10:33:35.852Z"}
{"level":"info","message":"Deep link accessed: e5559904-5ea0-426d-8a91-7652b9b08332","timestamp":"2025-01-29T10:33:38.674Z"}
{"level":"info","message":"Server running on port 5000","timestamp":"2025-01-29T10:36:03.579Z"}
{"level":"info","message":"Bot @Url_Encrypter_bot is active","timestamp":"2025-01-29T10:36:03.581Z"}
{"level":"info","message":"Connected to MongoDB","timestamp":"2025-01-29T10:36:04.252Z"}
{"level":"info","message":"New link created for chat 5342100953: https://t.me/Url_Encrypter_bot?start=a0e2d2e5-4599-4369-98f6-957d867354e8","timestamp":"2025-01-29T10:36:12.456Z"}
{"level":"info","message":"Deep link accessed: a0e2d2e5-4599-4369-98f6-957d867354e8","timestamp":"2025-01-29T10:36:15.998Z"}
{"level":"info","message":"Server running on port 5000","timestamp":"2025-01-29T10:38:24.686Z"}
{"level":"info","message":"Bot @Url_Encrypter_bot is active","timestamp":"2025-01-29T10:38:24.688Z"}
{"level":"info","message":"Connected to MongoDB","timestamp":"2025-01-29T10:38:25.422Z"}
{"level":"info","message":"New link created for chat 5342100953: https://t.me/Url_Encrypter_bot?start=6bf0df65-2ae8-4c2a-8b37-56460ecf70f8","timestamp":"2025-01-29T10:38:31.451Z"}
{"level":"info","message":"Deep link accessed: 6bf0df65-2ae8-4c2a-8b37-56460ecf70f8","timestamp":"2025-01-29T10:38:33.131Z"}
{"level":"info","message":"Server running on port 5000","timestamp":"2025-01-29T15:31:35.323Z"}
{"level":"info","message":"Bot @Url_Encrypter_bot is active","timestamp":"2025-01-29T15:31:35.328Z"}
{"level":"error","message":"MongoDB connection error: Could not connect to any servers in your MongoDB Atlas cluster. One common reason is that you're trying to access the database from an IP that isn't whitelisted. Make sure your current IP address is on your Atlas cluster's IP whitelist: https://www.mongodb.com/docs/atlas/security-whitelist/","timestamp":"2025-01-29T15:32:05.524Z"}
{"level":"info","message":"Server running on port 5000","timestamp":"2025-01-29T15:35:16.170Z"}
{"level":"info","message":"Bot @Url_Encrypter_bot is active","timestamp":"2025-01-29T15:35:16.177Z"}
{"level":"error","message":"Link creation error: Operation `users.findOne()` buffering timed out after 10000ms","timestamp":"2025-01-29T15:35:31.029Z"}
{"level":"error","message":"MongoDB connection error: Could not connect to any servers in your MongoDB Atlas cluster. One common reason is that you're trying to access the database from an IP that isn't whitelisted. Make sure your current IP address is on your Atlas cluster's IP whitelist: https://www.mongodb.com/docs/atlas/security-whitelist/","timestamp":"2025-01-29T15:35:46.363Z"}
{"level":"info","message":"Server running on port 5000","timestamp":"2025-01-29T15:37:43.230Z"}
{"level":"info","message":"Bot @Url_Encrypter_bot is active","timestamp":"2025-01-29T15:37:43.238Z"}
{"level":"info","message":"Connected to MongoDB","timestamp":"2025-01-29T15:37:46.230Z"}
{"level":"info","message":"New link created for chat 5342100953: https://t.me/Url_Encrypter_bot?start=de05da0f-a5be-421c-8e52-a5252ac81190","timestamp":"2025-01-29T15:37:59.999Z"}
{"level":"info","message":"Deep link accessed: de05da0f-a5be-421c-8e52-a5252ac81190","timestamp":"2025-01-29T15:38:01.999Z"}
{"level":"info","message":"New link created for chat 5342100953: https://t.me/Url_Encrypter_bot?start=75599027-fdc7-4b51-9e4d-bceeed559afc","timestamp":"2025-01-29T15:39:02.861Z"}
{"level":"info","message":"Deep link accessed: 75599027-fdc7-4b51-9e4d-bceeed559afc","timestamp":"2025-01-29T15:39:05.942Z"}
{"level":"info","message":"Server running on port 5000","timestamp":"2025-01-29T15:39:18.836Z"}
{"level":"info","message":"Bot @Url_Encrypter_bot is active","timestamp":"2025-01-29T15:39:18.845Z"}
{"level":"info","message":"Connected to MongoDB","timestamp":"2025-01-29T15:39:21.745Z"}
{"level":"info","message":"New link created for chat 5342100953: https://t.me/Url_Encrypter_bot?start=a0a762f6-b210-4bc0-bbe8-3f3f0a40678c","timestamp":"2025-01-29T15:39:35.491Z"}
{"level":"info","message":"Deep link accessed: a0a762f6-b210-4bc0-bbe8-3f3f0a40678c","timestamp":"2025-01-29T15:39:37.696Z"}
{"level":"info","message":"Deep link accessed: a0a762f6-b210-4bc0-bbe8-3f3f0a40678c","timestamp":"2025-01-29T15:40:32.753Z"}
{"level":"info","message":null,"timestamp":"2025-01-29T17:38:01.276Z"}
{"level":"info","message":"Server running on port 5000","timestamp":"2025-01-29T17:46:48.800Z"}
{"level":"info","message":"Bot @Url_Encrypter_bot is active","timestamp":"2025-01-29T17:46:48.806Z"}
{"level":"info","message":"Connected to MongoDB","timestamp":"2025-01-29T17:46:49.772Z"}
{"__v":0,"_id":"679a03620dc881dc34a99624","clicks":1,"createdAt":"2025-01-29T10:30:58.367Z","message":"/securelink https://t.me/acharyatechy","originalLink":"https://t.me/acharyatechy","updatedAt":"2025-01-29T17:53:00.343Z","user":{"__v":7,"_id":"679a03620dc881dc34a99622","chatId":5342100953,"links":["679a03620dc881dc34a99624","679a03ff33d0245aa14983d0","679a049c4a345eb066f4495a","679a0527343f000ea09c798f","679a4b57467266508634e97e","679a4b96467266508634e984","679a4bb71fcd1e018bd08477"]},"uuid":"29585acd-c838-4789-93a0-958c2d170e26"}
{"__v":0,"_id":"679a03620dc881dc34a99624","clicks":2,"createdAt":"2025-01-29T10:30:58.367Z","message":"/securelink https://t.me/acharyatechy","originalLink":"https://t.me/acharyatechy","updatedAt":"2025-01-29T17:53:26.389Z","user":{"__v":7,"_id":"679a03620dc881dc34a99622","chatId":5342100953,"links":["679a03620dc881dc34a99624","679a03ff33d0245aa14983d0","679a049c4a345eb066f4495a","679a0527343f000ea09c798f","679a4b57467266508634e97e","679a4b96467266508634e984","679a4bb71fcd1e018bd08477"]},"uuid":"29585acd-c838-4789-93a0-958c2d170e26"}
{"__v":0,"_id":"679a03620dc881dc34a99624","clicks":3,"createdAt":"2025-01-29T10:30:58.367Z","message":"/securelink https://t.me/acharyatechy","originalLink":"https://t.me/acharyatechy","updatedAt":"2025-01-29T18:04:57.684Z","user":{"__v":7,"_id":"679a03620dc881dc34a99622","chatId":5342100953,"links":["679a03620dc881dc34a99624","679a03ff33d0245aa14983d0","679a049c4a345eb066f4495a","679a0527343f000ea09c798f","679a4b57467266508634e97e","679a4b96467266508634e984","679a4bb71fcd1e018bd08477"]},"uuid":"29585acd-c838-4789-93a0-958c2d170e26"}
{"__v":0,"_id":"679a03620dc881dc34a99624","clicks":4,"createdAt":"2025-01-29T10:30:58.367Z","message":"/securelink https://t.me/acharyatechy","originalLink":"https://t.me/acharyatechy","updatedAt":"2025-01-29T18:05:03.602Z","user":{"__v":7,"_id":"679a03620dc881dc34a99622","chatId":5342100953,"links":["679a03620dc881dc34a99624","679a03ff33d0245aa14983d0","679a049c4a345eb066f4495a","679a0527343f000ea09c798f","679a4b57467266508634e97e","679a4b96467266508634e984","679a4bb71fcd1e018bd08477"]},"uuid":"29585acd-c838-4789-93a0-958c2d170e26"}
{"level":"info","message":"Server running on port 5000","timestamp":"2025-01-29T18:06:16.040Z"}
{"level":"info","message":"Bot @Url_Encrypter_bot is active","timestamp":"2025-01-29T18:06:16.044Z"}
{"level":"info","message":"Connected to MongoDB","timestamp":"2025-01-29T18:06:16.873Z"}
{"__v":0,"_id":"679a03620dc881dc34a99624","clicks":5,"createdAt":"2025-01-29T10:30:58.367Z","message":"/securelink https://t.me/acharyatechy","originalLink":"https://t.me/acharyatechy","updatedAt":"2025-01-29T18:06:26.153Z","user":{"__v":7,"_id":"679a03620dc881dc34a99622","chatId":5342100953,"links":["679a03620dc881dc34a99624","679a03ff33d0245aa14983d0","679a049c4a345eb066f4495a","679a0527343f000ea09c798f","679a4b57467266508634e97e","679a4b96467266508634e984","679a4bb71fcd1e018bd08477"]},"uuid":"29585acd-c838-4789-93a0-958c2d170e26"}
{"__v":0,"_id":"679a03620dc881dc34a99624","clicks":6,"createdAt":"2025-01-29T10:30:58.367Z","message":"/securelink https://t.me/acharyatechy","originalLink":"https://t.me/acharyatechy","updatedAt":"2025-01-29T18:10:10.659Z","user":{"__v":7,"_id":"679a03620dc881dc34a99622","chatId":5342100953,"links":["679a03620dc881dc34a99624","679a03ff33d0245aa14983d0","679a049c4a345eb066f4495a","679a0527343f000ea09c798f","679a4b57467266508634e97e","679a4b96467266508634e984","679a4bb71fcd1e018bd08477"]},"uuid":"29585acd-c838-4789-93a0-958c2d170e26"}
{"__v":0,"_id":"679a03620dc881dc34a99624","clicks":7,"createdAt":"2025-01-29T10:30:58.367Z","message":"/securelink https://t.me/acharyatechy","originalLink":"https://t.me/acharyatechy","updatedAt":"2025-01-29T18:11:06.942Z","user":{"__v":7,"_id":"679a03620dc881dc34a99622","chatId":5342100953,"links":["679a03620dc881dc34a99624","679a03ff33d0245aa14983d0","679a049c4a345eb066f4495a","679a0527343f000ea09c798f","679a4b57467266508634e97e","679a4b96467266508634e984","679a4bb71fcd1e018bd08477"]},"uuid":"29585acd-c838-4789-93a0-958c2d170e26"}
{"__v":0,"_id":"679a03620dc881dc34a99624","clicks":8,"createdAt":"2025-01-29T10:30:58.367Z","message":"/securelink https://t.me/acharyatechy","originalLink":"https://t.me/acharyatechy","updatedAt":"2025-01-29T18:11:06.948Z","user":{"__v":7,"_id":"679a03620dc881dc34a99622","chatId":5342100953,"links":["679a03620dc881dc34a99624","679a03ff33d0245aa14983d0","679a049c4a345eb066f4495a","679a0527343f000ea09c798f","679a4b57467266508634e97e","679a4b96467266508634e984","679a4bb71fcd1e018bd08477"]},"uuid":"29585acd-c838-4789-93a0-958c2d170e26"}
{"__v":0,"_id":"679a03620dc881dc34a99624","clicks":9,"createdAt":"2025-01-29T10:30:58.367Z","message":"/securelink https://t.me/acharyatechy","originalLink":"https://t.me/acharyatechy","updatedAt":"2025-01-29T18:11:07.905Z","user":{"__v":7,"_id":"679a03620dc881dc34a99622","chatId":5342100953,"links":["679a03620dc881dc34a99624","679a03ff33d0245aa14983d0","679a049c4a345eb066f4495a","679a0527343f000ea09c798f","679a4b57467266508634e97e","679a4b96467266508634e984","679a4bb71fcd1e018bd08477"]},"uuid":"29585acd-c838-4789-93a0-958c2d170e26"}
{"__v":0,"_id":"679a03620dc881dc34a99624","clicks":10,"createdAt":"2025-01-29T10:30:58.367Z","message":"/securelink https://t.me/acharyatechy","originalLink":"https://t.me/acharyatechy","updatedAt":"2025-01-29T18:12:42.392Z","user":{"__v":7,"_id":"679a03620dc881dc34a99622","chatId":5342100953,"links":["679a03620dc881dc34a99624","679a03ff33d0245aa14983d0","679a049c4a345eb066f4495a","679a0527343f000ea09c798f","679a4b57467266508634e97e","679a4b96467266508634e984","679a4bb71fcd1e018bd08477"]},"uuid":"29585acd-c838-4789-93a0-958c2d170e26"}
{"__v":0,"_id":"679a03620dc881dc34a99624","clicks":11,"createdAt":"2025-01-29T10:30:58.367Z","message":"/securelink https://t.me/acharyatechy","originalLink":"https://t.me/acharyatechy","updatedAt":"2025-01-29T18:15:48.405Z","user":{"__v":7,"_id":"679a03620dc881dc34a99622","chatId":5342100953,"links":["679a03620dc881dc34a99624","679a03ff33d0245aa14983d0","679a049c4a345eb066f4495a","679a0527343f000ea09c798f","679a4b57467266508634e97e","679a4b96467266508634e984","679a4bb71fcd1e018bd08477"]},"uuid":"29585acd-c838-4789-93a0-958c2d170e26"}
{"__v":0,"_id":"679a03620dc881dc34a99624","clicks":12,"createdAt":"2025-01-29T10:30:58.367Z","message":"/securelink https://t.me/acharyatechy","originalLink":"https://t.me/acharyatechy","updatedAt":"2025-01-29T18:15:57.222Z","user":{"__v":7,"_id":"679a03620dc881dc34a99622","chatId":5342100953,"links":["679a03620dc881dc34a99624","679a03ff33d0245aa14983d0","679a049c4a345eb066f4495a","679a0527343f000ea09c798f","679a4b57467266508634e97e","679a4b96467266508634e984","679a4bb71fcd1e018bd08477"]},"uuid":"29585acd-c838-4789-93a0-958c2d170e26"}
{"__v":0,"_id":"679a03620dc881dc34a99624","clicks":13,"createdAt":"2025-01-29T10:30:58.367Z","message":"/securelink https://t.me/acharyatechy","originalLink":"https://t.me/acharyatechy","updatedAt":"2025-01-29T18:15:58.744Z","user":{"__v":7,"_id":"679a03620dc881dc34a99622","chatId":5342100953,"links":["679a03620dc881dc34a99624","679a03ff33d0245aa14983d0","679a049c4a345eb066f4495a","679a0527343f000ea09c798f","679a4b57467266508634e97e","679a4b96467266508634e984","679a4bb71fcd1e018bd08477"]},"uuid":"29585acd-c838-4789-93a0-958c2d170e26"}
{"__v":0,"_id":"679a03620dc881dc34a99624","clicks":14,"createdAt":"2025-01-29T10:30:58.367Z","message":"/securelink https://t.me/acharyatechy","originalLink":"https://t.me/acharyatechy","updatedAt":"2025-01-29T18:16:13.404Z","user":{"__v":7,"_id":"679a03620dc881dc34a99622","chatId":5342100953,"links":["679a03620dc881dc34a99624","679a03ff33d0245aa14983d0","679a049c4a345eb066f4495a","679a0527343f000ea09c798f","679a4b57467266508634e97e","679a4b96467266508634e984","679a4bb71fcd1e018bd08477"]},"uuid":"29585acd-c838-4789-93a0-958c2d170e26"}
{"__v":0,"_id":"679a03620dc881dc34a99624","clicks":15,"createdAt":"2025-01-29T10:30:58.367Z","message":"/securelink https://t.me/acharyatechy","originalLink":"https://t.me/acharyatechy","updatedAt":"2025-01-29T18:16:14.576Z","user":{"__v":7,"_id":"679a03620dc881dc34a99622","chatId":5342100953,"links":["679a03620dc881dc34a99624","679a03ff33d0245aa14983d0","679a049c4a345eb066f4495a","679a0527343f000ea09c798f","679a4b57467266508634e97e","679a4b96467266508634e984","679a4bb71fcd1e018bd08477"]},"uuid":"29585acd-c838-4789-93a0-958c2d170e26"}
{"__v":0,"_id":"679a03620dc881dc34a99624","clicks":16,"createdAt":"2025-01-29T10:30:58.367Z","message":"/securelink https://t.me/acharyatechy","originalLink":"https://t.me/acharyatechy","updatedAt":"2025-01-29T18:16:55.613Z","user":{"__v":7,"_id":"679a03620dc881dc34a99622","chatId":5342100953,"links":["679a03620dc881dc34a99624","679a03ff33d0245aa14983d0","679a049c4a345eb066f4495a","679a0527343f000ea09c798f","679a4b57467266508634e97e","679a4b96467266508634e984","679a4bb71fcd1e018bd08477"]},"uuid":"29585acd-c838-4789-93a0-958c2d170e26"}
{"__v":0,"_id":"679a03620dc881dc34a99624","clicks":17,"createdAt":"2025-01-29T10:30:58.367Z","message":"/securelink https://t.me/acharyatechy","originalLink":"https://t.me/acharyatechy","updatedAt":"2025-01-29T18:17:18.652Z","user":{"__v":7,"_id":"679a03620dc881dc34a99622","chatId":5342100953,"links":["679a03620dc881dc34a99624","679a03ff33d0245aa14983d0","679a049c4a345eb066f4495a","679a0527343f000ea09c798f","679a4b57467266508634e97e","679a4b96467266508634e984","679a4bb71fcd1e018bd08477"]},"uuid":"29585acd-c838-4789-93a0-958c2d170e26"}
